C:\Users\user>ping daarululuumlido.com
Pinging daarululuumlido.com [104.250.105.85] with 32 bytes of data:
Reply from 104.250.105.85: bytes=32 time=13ms TTL=55
Reply from 104.250.105.85: bytes=32 time=15ms TTL=55
Reply from 104.250.105.85: bytes=32 time=13ms TTL=55
Reply from 104.250.105.85: bytes=32 time=13ms TTL=55
Ping statistics for 104.250.105.85:
    Packets: Sent = 4, Received = 4, Lost = 0 (0% loss),
Approximate round trip times in milli-seconds:
    Minimum = 13ms, Maximum = 15ms, Average = 13ms

C:\Users\user> ECHO MAKAN
MAKAN

PC:\Users\user> label
Volume in drive C: has no label
Volume Serial Number is 3CDB-F2A2
Volume label (32 characters, ENTER for none)?

C:\Users\user> nbtstat
Displays protocol statistics and current TCP/IP connections using NBT
(NetBIOS over TCP/IP).
NBTSTAT [ [-a RemoteName] [-A IP address] [-c] [-n]
        [-r] [-R] [-RR] [-s] [-S] [interval] ]
  -a   (adapter status) Lists the remote machine's name table given its name
  -A   (Adapter status) Lists the remote machine's name table given its
                        IP address.
  -c   (cache)          Lists NBT's cache of remote [machine] names and their IP addresses
  -n   (names)          Lists local NetBIOS names.
  -r   (resolved)       Lists names resolved by broadcast and via WINS
  -R   (Reload)         Purges and reloads the remote cache name table
  -S   (Sessions)       Lists sessions table with the destination IP addresses
  -s   (sessions)       Lists sessions table converting destination IP
                        addresses to computer NETBIOS names.
  -RR  (ReleaseRefresh) Sends Name Release packets to WINS and then, starts Refresh

  RemoteName   Remote host machine name.
  IP address   Dotted decimal representation of the IP address.
  interval     Redisplays selected statistics, pausing interval seconds
               between each display. Press Ctrl+C to stop redisplaying
               statistics.

C:\Users\user>color 80
C:\Users\user>cls
C:\Users\user>date
The current date is: 01/11/2019
Enter the new date: (dd-mm-yy)

C:\Users\user>logman
Data Collector Set                      Type                          Status
-------------------------------------------------------------------------------
The command completed successfully.

C:\Users\user>mode
Status for device CON:
----------------------
    Lines:          9001
    Columns:        120
    Keyboard rate:  31
    Keyboard delay: 1
    Code page:      850

C:\Users\user>netsh
netsh>wlan
netsh wlan>

C:\Users\user>path
PATH=C:\Program Files (x86)\Common Files\Oracle\Java\javapath;C:\Program Files (x86)\Common Files\Intel\Shared Files\cpp\bin\Intel64;C:\Program Files (x86)\Intel\iCLS Client\;C:\Program Files\Intel\iCLS Client\;C:\Windows\system32;C:\Windows;C:\Windows\System32\Wbem;C:\Windows\System32\WindowsPowerShell\v1.0\;C:\Program Files (x86)\Intel\Intel(R) Management Engine Components\DAL;C:\Program Files\Intel\Intel(R) Management Engine Components\DAL;C:\Program Files (x86)\Intel\Intel(R) Management Engine Components\IPT;C:\Program Files\Intel\Intel(R) Management Engine Components\IPT;C:\Program Files (x86)\NVIDIA Corporation\PhysX\Common;C:\WINDOWS\system32;C:\WINDOWS;C:\WINDOWS\System32\Wbem;C:\WINDOWS\System32\WindowsPowerShell\v1.0\;C:\WINDOWS\System32\OpenSSH\;C:\Program Files\mingw-w64\x86_64-8.1.0-posix-seh-rt_v6-rev0\mingw64\bin;C:\Program Files\mingw-w64\x86_64-8.1.0-posix-seh-rt_v6-rev0\mingw64;C:\Program Files\Java\jdk-11.0.2\bin;C:\xampp2\php;C:\ProgramData\ComposerSetup\bin;C:\Users\user\AppData\Local\Microsoft\WindowsApps;C:\Users\user\AppData\Local\Programs\Microsoft VS Code\bin;C:\Users\user\AppData\Roaming\Composer\vendor\bin

C:\Users\user>quser
 USERNAME              SESSIONNAME        ID  STATE   IDLE TIME  LOGON TIME
>user                  console             2  Active      16:32  01/11/2019 07:52

C:\Users\user>query
Invalid parameter(s)
QUERY { PROCESS | SESSION | TERMSERVER | USER }

C:\Users\user>secedit
The syntax of this command is:
secedit [/configure | /analyze | /import | /export | /validate | /generaterollback]

C:\Users\user>ver
Microsoft Windows [Version 10.0.18362.418]


C:\Users\user>time
The current time is: 15:52:40.92

C:\Users\user>vol
 Volume in drive C has no label.
 Volume Serial Number is 3CDB-F2A2


C:\Users\user>whoami
desktop-3dvddgl\user


C:\Users\user>tracert

Usage: tracert [-d] [-h maximum_hops] [-j host-list] [-w timeout]
               [-R] [-S srcaddr] [-4] [-6] target_name
Options:
    -d                 Do not resolve addresses to hostnames.
    -h maximum_hops    Maximum number of hops to search for target.
    -j host-list       Loose source route along host-list (IPv4-only).
    -w timeout         Wait timeout milliseconds for each reply.
    -R                 Trace round-trip path (IPv6-only).
    -S srcaddr         Source address to use (IPv6-only).
    -4                 Force using IPv4.
    -6                 Force using IPv6


C:\Users\user>shutdown -s â€“t


C:\Users\user>tscon
Invalid parameter(s)
Attaches a user session to a remote desktop session.

TSCON {sessionid | sessionname} [/DEST:sessionname]
        [/PASSWORD:pw | /PASSWORD:*] [/V]

  sessionid          The ID of the session.
  sessionname        The name of the session.
  /DEST:sessionname  Connect the session to destination sessionname.
  /PASSWORD:pw       Password of user owning identified session.
  /V                 Displays information about the actions performed.	

C:\Users\user>pathping
Usage: pathping [-g host-list] [-h maximum_hops] [-i address] [-n]
                [-p period] [-q num_queries] [-w timeout]
                [-4] [-6] target_name
Options:
    -g host-list     Loose source route along host-list.
    -h maximum_hops  Maximum number of hops to search for target.
    -i address       Use the specified source address.
    -n               Do not resolve addresses to hostnames.
    -p period        Wait period milliseconds between pings.
    -q num_queries   Number of queries per hop.
    -w timeout       Wait timeout milliseconds for each reply.
    -4               Force using IPv4.
    -6               Force using IPv6.




C:\Users\user>forfiles

".android"
".AndroidStudio3.5"
".bash_history"
".configprops"
".datastorage"
".idea"
".LINE"
".nbi"
".oracle_jre_usage"
".packettracer"
".QtWebEngineProcess"
".thumbnails"
".VirtualBox"
".vscode"
"20190829_194928.jpg"
"3D Objects"
"AppData"
"Application Data"
"Cisco Packet Tracer 5.3.3"
"Contacts"
"Cookies"
"Creative Cloud Files"
"datahistory.txt"
"Desktop"
"Documents"
"Downloads"
"ezyachyar@yahoo.com Creative Cloud Files"
"farhancompany2@gmail.com Creative Cloud Files"
"Favorites"
"Google Drive"
"IMG-20190806-WA0020.jpg"
"Intel"
"IntelGraphicsProfiles"
"java"
"Justinmind"
"Links"
"Local Settings"
"MicrosoftEdgeBackups"
"Music"
"My Documents"
"NetHood"
"New folder"
"NTUSER.DAT"
"ntuser.dat.LOG1"
"ntuser.dat.LOG2"
"NTUSER.DAT{fd9a35db-49fe-11e9-aa2c-248a07783950}.TM.blf"
"NTUSER.DAT{fd9a35db-49fe-11e9-aa2c-248a07783950}.TMContainer00000000000000000001.regtrans-ms"
"NTUSER.DAT{fd9a35db-49fe-11e9-aa2c-248a07783950}.TMContainer00000000000000000002.regtrans-ms"
"ntuser.ini"
"ntuser.pol"
"on"
"OneDrive"
"Pictures"
"PrintHood"
"Recent"
"Saved Games"
"Screenshot_20190909-213205_Drive.jpg"
"Screenshot_20190909-213215_Drive.jpg"
"Searches"
"SendTo"
"source"
"src"
"Start Menu"
"Suara 014_sd.m4a"
"Templates"
"untitled104.iml"
"Videos"
"VirtualBox VMs"

